2024-12-18 20:35:27,882 - root - DEBUG - This is a harmless debug Message
2024-12-18 20:35:27,882 - root - INFO - This is just an information
2024-12-18 20:35:27,883 - root - WARNING - It is a Warning. Please make changes
2024-12-18 20:35:27,883 - root - ERROR - You are trying to divide by zero
2024-12-18 20:35:27,883 - root - CRITICAL - Internet is down
2024-12-18 20:35:27,899 - WDM - INFO - ====== WebDriver manager ======
2024-12-18 20:35:30,937 - WDM - INFO - Get LATEST chromedriver version for google-chrome
2024-12-18 20:35:30,940 - urllib3.connectionpool - DEBUG - Starting new HTTPS connection (1): googlechromelabs.github.io:443
2024-12-18 20:35:31,171 - urllib3.connectionpool - DEBUG - https://googlechromelabs.github.io:443 "GET /chrome-for-testing/latest-patch-versions-per-build.json HTTP/11" 200 8747
2024-12-18 20:35:31,176 - WDM - INFO - Get LATEST chromedriver version for google-chrome
2024-12-18 20:35:31,179 - urllib3.connectionpool - DEBUG - Starting new HTTPS connection (1): googlechromelabs.github.io:443
2024-12-18 20:35:31,340 - urllib3.connectionpool - DEBUG - https://googlechromelabs.github.io:443 "GET /chrome-for-testing/latest-patch-versions-per-build.json HTTP/11" 200 8747
2024-12-18 20:35:31,349 - WDM - INFO - Driver [C:\Users\ЛевАлександрович\.wdm\drivers\chromedriver\win64\131.0.6778.108\chromedriver-win32/chromedriver.exe] found in cache
2024-12-18 20:35:31,352 - selenium.webdriver.common.driver_finder - DEBUG - Skipping Selenium Manager; path to chrome driver specified in Service class: C:\Users\ЛевАлександрович\.wdm\drivers\chromedriver\win64\131.0.6778.108\chromedriver-win32/chromedriver.exe
2024-12-18 20:35:31,402 - selenium.webdriver.common.service - DEBUG - Started executable: `C:\Users\ЛевАлександрович\.wdm\drivers\chromedriver\win64\131.0.6778.108\chromedriver-win32/chromedriver.exe` in a child process with pid: 18524 using 0 to output -3
2024-12-18 20:35:31,935 - selenium.webdriver.remote.remote_connection - DEBUG - POST http://localhost:64555/session {'capabilities': {'firstMatch': [{}], 'alwaysMatch': {'browserName': 'chrome', 'pageLoadStrategy': <PageLoadStrategy.normal: 'normal'>, 'goog:chromeOptions': {'extensions': [], 'args': []}}}}
2024-12-18 20:35:31,936 - urllib3.connectionpool - DEBUG - Starting new HTTP connection (1): localhost:64555
2024-12-18 20:35:32,820 - urllib3.connectionpool - DEBUG - http://localhost:64555 "POST /session HTTP/11" 200 0
2024-12-18 20:35:32,820 - selenium.webdriver.remote.remote_connection - DEBUG - Remote response: status=200 | data={"value":{"capabilities":{"acceptInsecureCerts":false,"browserName":"chrome","browserVersion":"131.0.6778.140","chrome":{"chromedriverVersion":"131.0.6778.108 (3b014839fbc4fb688b2f5af512d6ce312ad208b1-refs/branch-heads/6778@{#2393})","userDataDir":"C:\\Users\\2DD9~1\\AppData\\Local\\Temp\\scoped_dir18524_1160788870"},"fedcm:accounts":true,"goog:chromeOptions":{"debuggerAddress":"localhost:64558"},"networkConnectionEnabled":false,"pageLoadStrategy":"normal","platformName":"windows","proxy":{},"setWindowRect":true,"strictFileInteractability":false,"timeouts":{"implicit":0,"pageLoad":300000,"script":30000},"unhandledPromptBehavior":"dismiss and notify","webauthn:extension:credBlob":true,"webauthn:extension:largeBlob":true,"webauthn:extension:minPinLength":true,"webauthn:extension:prf":true,"webauthn:virtualAuthenticators":true},"sessionId":"538627195551d0e055a5fa57288edde3"}} | headers=HTTPHeaderDict({'Content-Length': '885', 'Content-Type': 'application/json; charset=utf-8', 'cache-control': 'no-cache'})
2024-12-18 20:35:32,821 - selenium.webdriver.remote.remote_connection - DEBUG - Finished Request
2024-12-18 20:35:32,823 - root - INFO - ZAPUSK TESTA 
2024-12-18 20:35:32,823 - selenium.webdriver.remote.remote_connection - DEBUG - POST http://localhost:64555/session/538627195551d0e055a5fa57288edde3/url {'url': 'https://sbis.ru/contacts/'}
2024-12-18 20:35:36,755 - urllib3.connectionpool - DEBUG - http://localhost:64555 "POST /session/538627195551d0e055a5fa57288edde3/url HTTP/11" 200 0
2024-12-18 20:35:36,755 - selenium.webdriver.remote.remote_connection - DEBUG - Remote response: status=200 | data={"value":null} | headers=HTTPHeaderDict({'Content-Length': '14', 'Content-Type': 'application/json; charset=utf-8', 'cache-control': 'no-cache'})
2024-12-18 20:35:36,755 - selenium.webdriver.remote.remote_connection - DEBUG - Finished Request
2024-12-18 20:35:36,755 - selenium.webdriver.remote.remote_connection - DEBUG - POST http://localhost:64555/session/538627195551d0e055a5fa57288edde3/element {'using': 'xpath', 'value': '//*[@id="contacts_clients"]/div[1]/div/div/div[2]/div/a'}
2024-12-18 20:35:36,770 - urllib3.connectionpool - DEBUG - http://localhost:64555 "POST /session/538627195551d0e055a5fa57288edde3/element HTTP/11" 200 0
2024-12-18 20:35:36,770 - selenium.webdriver.remote.remote_connection - DEBUG - Remote response: status=200 | data={"value":{"element-6066-11e4-a52e-4f735466cecf":"f.261CDB8586F241DC9E5833B1D2E94396.d.FE81257AF5704EBEFDF0D8B158ADC95F.e.58"}} | headers=HTTPHeaderDict({'Content-Length': '126', 'Content-Type': 'application/json; charset=utf-8', 'cache-control': 'no-cache'})
2024-12-18 20:35:36,770 - selenium.webdriver.remote.remote_connection - DEBUG - Finished Request
2024-12-18 20:35:36,770 - selenium.webdriver.remote.remote_connection - DEBUG - POST http://localhost:64555/session/538627195551d0e055a5fa57288edde3/element/f.261CDB8586F241DC9E5833B1D2E94396.d.FE81257AF5704EBEFDF0D8B158ADC95F.e.58/click {}
2024-12-18 20:35:36,931 - urllib3.connectionpool - DEBUG - http://localhost:64555 "POST /session/538627195551d0e055a5fa57288edde3/element/f.261CDB8586F241DC9E5833B1D2E94396.d.FE81257AF5704EBEFDF0D8B158ADC95F.e.58/click HTTP/11" 200 0
2024-12-18 20:35:36,931 - selenium.webdriver.remote.remote_connection - DEBUG - Remote response: status=200 | data={"value":null} | headers=HTTPHeaderDict({'Content-Length': '14', 'Content-Type': 'application/json; charset=utf-8', 'cache-control': 'no-cache'})
2024-12-18 20:35:36,931 - selenium.webdriver.remote.remote_connection - DEBUG - Finished Request
2024-12-18 20:35:36,931 - selenium.webdriver.remote.remote_connection - DEBUG - GET http://localhost:64555/session/538627195551d0e055a5fa57288edde3/window/handles {}
2024-12-18 20:35:36,942 - urllib3.connectionpool - DEBUG - http://localhost:64555 "GET /session/538627195551d0e055a5fa57288edde3/window/handles HTTP/11" 200 0
2024-12-18 20:35:36,943 - selenium.webdriver.remote.remote_connection - DEBUG - Remote response: status=200 | data={"value":["261CDB8586F241DC9E5833B1D2E94396","F84CE995D6BBA459211DC9CE458AF1EA"]} | headers=HTTPHeaderDict({'Content-Length': '81', 'Content-Type': 'application/json; charset=utf-8', 'cache-control': 'no-cache'})
2024-12-18 20:35:36,943 - selenium.webdriver.remote.remote_connection - DEBUG - Finished Request
2024-12-18 20:35:36,943 - selenium.webdriver.remote.remote_connection - DEBUG - POST http://localhost:64555/session/538627195551d0e055a5fa57288edde3/window {'handle': 'F84CE995D6BBA459211DC9CE458AF1EA'}
2024-12-18 20:35:36,946 - urllib3.connectionpool - DEBUG - http://localhost:64555 "POST /session/538627195551d0e055a5fa57288edde3/window HTTP/11" 200 0
2024-12-18 20:35:36,946 - selenium.webdriver.remote.remote_connection - DEBUG - Remote response: status=200 | data={"value":null} | headers=HTTPHeaderDict({'Content-Length': '14', 'Content-Type': 'application/json; charset=utf-8', 'cache-control': 'no-cache'})
2024-12-18 20:35:36,946 - selenium.webdriver.remote.remote_connection - DEBUG - Finished Request
2024-12-18 20:35:39,948 - selenium.webdriver.remote.remote_connection - DEBUG - POST http://localhost:64555/session/538627195551d0e055a5fa57288edde3/element {'using': 'xpath', 'value': '//*[@id="container"]/div[1]/div/div[5]/div/div/div[1]/div/p[1]'}
2024-12-18 20:35:42,278 - urllib3.connectionpool - DEBUG - http://localhost:64555 "POST /session/538627195551d0e055a5fa57288edde3/element HTTP/11" 200 0
2024-12-18 20:35:42,278 - selenium.webdriver.remote.remote_connection - DEBUG - Remote response: status=200 | data={"value":{"element-6066-11e4-a52e-4f735466cecf":"f.F84CE995D6BBA459211DC9CE458AF1EA.d.E7DE228BB499DC3E357DDD928977E089.e.12"}} | headers=HTTPHeaderDict({'Content-Length': '126', 'Content-Type': 'application/json; charset=utf-8', 'cache-control': 'no-cache'})
2024-12-18 20:35:42,278 - selenium.webdriver.remote.remote_connection - DEBUG - Finished Request
2024-12-18 20:35:42,279 - selenium.webdriver.remote.remote_connection - DEBUG - POST http://localhost:64555/session/538627195551d0e055a5fa57288edde3/execute/sync {'script': '/* isDisplayed */return (function(){return (function(){var g=this||self;\nfunction aa(a){var b=typeof...', 'args': [{'element-6066-11e4-a52e-4f735466cecf': 'f.F84CE995D6BBA459211DC9CE458AF1EA.d.E7DE228BB499DC3E357DDD928977E089.e.12'}]}
2024-12-18 20:35:42,291 - urllib3.connectionpool - DEBUG - http://localhost:64555 "POST /session/538627195551d0e055a5fa57288edde3/execute/sync HTTP/11" 200 0
2024-12-18 20:35:42,291 - selenium.webdriver.remote.remote_connection - DEBUG - Remote response: status=200 | data={"value":true} | headers=HTTPHeaderDict({'Content-Length': '14', 'Content-Type': 'application/json; charset=utf-8', 'cache-control': 'no-cache'})
2024-12-18 20:35:42,291 - selenium.webdriver.remote.remote_connection - DEBUG - Finished Request
2024-12-18 20:35:42,292 - selenium.webdriver.remote.remote_connection - DEBUG - POST http://localhost:64555/session/538627195551d0e055a5fa57288edde3/element {'using': 'xpath', 'value': '//*[@id="container"]/div[1]/div/div[5]/div/div/div[1]/div/p[4]/a'}
2024-12-18 20:35:42,306 - urllib3.connectionpool - DEBUG - http://localhost:64555 "POST /session/538627195551d0e055a5fa57288edde3/element HTTP/11" 200 0
2024-12-18 20:35:42,306 - selenium.webdriver.remote.remote_connection - DEBUG - Remote response: status=200 | data={"value":{"element-6066-11e4-a52e-4f735466cecf":"f.F84CE995D6BBA459211DC9CE458AF1EA.d.E7DE228BB499DC3E357DDD928977E089.e.13"}} | headers=HTTPHeaderDict({'Content-Length': '126', 'Content-Type': 'application/json; charset=utf-8', 'cache-control': 'no-cache'})
2024-12-18 20:35:42,306 - selenium.webdriver.remote.remote_connection - DEBUG - Finished Request
2024-12-18 20:35:42,306 - selenium.webdriver.remote.remote_connection - DEBUG - POST http://localhost:64555/session/538627195551d0e055a5fa57288edde3/execute/sync {'script': 'arguments[0].scrollIntoView(true);', 'args': [{'element-6066-11e4-a52e-4f735466cecf': 'f.F84CE995D6BBA459211DC9CE458AF1EA.d.E7DE228BB499DC3E357DDD928977E089.e.13'}]}
2024-12-18 20:35:42,342 - urllib3.connectionpool - DEBUG - http://localhost:64555 "POST /session/538627195551d0e055a5fa57288edde3/execute/sync HTTP/11" 200 0
2024-12-18 20:35:42,342 - selenium.webdriver.remote.remote_connection - DEBUG - Remote response: status=200 | data={"value":null} | headers=HTTPHeaderDict({'Content-Length': '14', 'Content-Type': 'application/json; charset=utf-8', 'cache-control': 'no-cache'})
2024-12-18 20:35:42,342 - selenium.webdriver.remote.remote_connection - DEBUG - Finished Request
2024-12-18 20:35:42,343 - selenium.webdriver.remote.remote_connection - DEBUG - POST http://localhost:64555/session/538627195551d0e055a5fa57288edde3/element/f.F84CE995D6BBA459211DC9CE458AF1EA.d.E7DE228BB499DC3E357DDD928977E089.e.13/click {}
2024-12-18 20:35:44,130 - urllib3.connectionpool - DEBUG - http://localhost:64555 "POST /session/538627195551d0e055a5fa57288edde3/element/f.F84CE995D6BBA459211DC9CE458AF1EA.d.E7DE228BB499DC3E357DDD928977E089.e.13/click HTTP/11" 200 0
2024-12-18 20:35:44,130 - selenium.webdriver.remote.remote_connection - DEBUG - Remote response: status=200 | data={"value":null} | headers=HTTPHeaderDict({'Content-Length': '14', 'Content-Type': 'application/json; charset=utf-8', 'cache-control': 'no-cache'})
2024-12-18 20:35:44,130 - selenium.webdriver.remote.remote_connection - DEBUG - Finished Request
2024-12-18 20:35:44,131 - selenium.webdriver.remote.remote_connection - DEBUG - GET http://localhost:64555/session/538627195551d0e055a5fa57288edde3/url {}
2024-12-18 20:35:44,142 - urllib3.connectionpool - DEBUG - http://localhost:64555 "GET /session/538627195551d0e055a5fa57288edde3/url HTTP/11" 200 0
2024-12-18 20:35:44,142 - selenium.webdriver.remote.remote_connection - DEBUG - Remote response: status=200 | data={"value":"https://tensor.ru/about"} | headers=HTTPHeaderDict({'Content-Length': '35', 'Content-Type': 'application/json; charset=utf-8', 'cache-control': 'no-cache'})
2024-12-18 20:35:44,142 - selenium.webdriver.remote.remote_connection - DEBUG - Finished Request
2024-12-18 20:35:44,142 - selenium.webdriver.remote.remote_connection - DEBUG - POST http://localhost:64555/session/538627195551d0e055a5fa57288edde3/element {'using': 'xpath', 'value': 'html/body/div[1]/div/div/div/div[2]/div[1]/div[2]/div[1]/div/div/div[1]/div/div[4]/div[2]/div [1]/a/...'}
2024-12-18 20:35:44,156 - urllib3.connectionpool - DEBUG - http://localhost:64555 "POST /session/538627195551d0e055a5fa57288edde3/element HTTP/11" 200 0
2024-12-18 20:35:44,157 - selenium.webdriver.remote.remote_connection - DEBUG - Remote response: status=200 | data={"value":{"element-6066-11e4-a52e-4f735466cecf":"f.F84CE995D6BBA459211DC9CE458AF1EA.d.8ECF8C125A051C722BA02AB65A9F1343.e.41"}} | headers=HTTPHeaderDict({'Content-Length': '126', 'Content-Type': 'application/json; charset=utf-8', 'cache-control': 'no-cache'})
2024-12-18 20:35:44,157 - selenium.webdriver.remote.remote_connection - DEBUG - Finished Request
2024-12-18 20:35:44,157 - selenium.webdriver.remote.remote_connection - DEBUG - GET http://localhost:64555/session/538627195551d0e055a5fa57288edde3/element/f.F84CE995D6BBA459211DC9CE458AF1EA.d.8ECF8C125A051C722BA02AB65A9F1343.e.41/rect {}
2024-12-18 20:35:44,173 - urllib3.connectionpool - DEBUG - http://localhost:64555 "GET /session/538627195551d0e055a5fa57288edde3/element/f.F84CE995D6BBA459211DC9CE458AF1EA.d.8ECF8C125A051C722BA02AB65A9F1343.e.41/rect HTTP/11" 200 0
2024-12-18 20:35:44,173 - selenium.webdriver.remote.remote_connection - DEBUG - Remote response: status=200 | data={"value":{"height":192,"width":231,"x":17,"y":1841}} | headers=HTTPHeaderDict({'Content-Length': '52', 'Content-Type': 'application/json; charset=utf-8', 'cache-control': 'no-cache'})
2024-12-18 20:35:44,173 - selenium.webdriver.remote.remote_connection - DEBUG - Finished Request
2024-12-18 20:35:44,174 - selenium.webdriver.remote.remote_connection - DEBUG - POST http://localhost:64555/session/538627195551d0e055a5fa57288edde3/element {'using': 'xpath', 'value': 'html/body/div[1]/div/div/div/div[2]/div[1]/div[2]/div[1]/div/div/div[1]/div/div[4]/div[2]/div [2]/a/...'}
2024-12-18 20:35:44,189 - urllib3.connectionpool - DEBUG - http://localhost:64555 "POST /session/538627195551d0e055a5fa57288edde3/element HTTP/11" 200 0
2024-12-18 20:35:44,189 - selenium.webdriver.remote.remote_connection - DEBUG - Remote response: status=200 | data={"value":{"element-6066-11e4-a52e-4f735466cecf":"f.F84CE995D6BBA459211DC9CE458AF1EA.d.8ECF8C125A051C722BA02AB65A9F1343.e.42"}} | headers=HTTPHeaderDict({'Content-Length': '126', 'Content-Type': 'application/json; charset=utf-8', 'cache-control': 'no-cache'})
2024-12-18 20:35:44,189 - selenium.webdriver.remote.remote_connection - DEBUG - Finished Request
2024-12-18 20:35:44,189 - selenium.webdriver.remote.remote_connection - DEBUG - GET http://localhost:64555/session/538627195551d0e055a5fa57288edde3/element/f.F84CE995D6BBA459211DC9CE458AF1EA.d.8ECF8C125A051C722BA02AB65A9F1343.e.42/rect {}
2024-12-18 20:35:44,199 - urllib3.connectionpool - DEBUG - http://localhost:64555 "GET /session/538627195551d0e055a5fa57288edde3/element/f.F84CE995D6BBA459211DC9CE458AF1EA.d.8ECF8C125A051C722BA02AB65A9F1343.e.42/rect HTTP/11" 200 0
2024-12-18 20:35:44,199 - selenium.webdriver.remote.remote_connection - DEBUG - Remote response: status=200 | data={"value":{"height":192,"width":231,"x":273.5,"y":1841}} | headers=HTTPHeaderDict({'Content-Length': '55', 'Content-Type': 'application/json; charset=utf-8', 'cache-control': 'no-cache'})
2024-12-18 20:35:44,199 - selenium.webdriver.remote.remote_connection - DEBUG - Finished Request
2024-12-18 20:35:44,200 - selenium.webdriver.remote.remote_connection - DEBUG - POST http://localhost:64555/session/538627195551d0e055a5fa57288edde3/element {'using': 'xpath', 'value': 'html/body/div[1]/div/div/div/div[2]/div[1]/div[2]/div[1]/div/div/div[1]/div/div[4]/div[2]/div [3]/a/...'}
2024-12-18 20:35:44,212 - urllib3.connectionpool - DEBUG - http://localhost:64555 "POST /session/538627195551d0e055a5fa57288edde3/element HTTP/11" 200 0
2024-12-18 20:35:44,212 - selenium.webdriver.remote.remote_connection - DEBUG - Remote response: status=200 | data={"value":{"element-6066-11e4-a52e-4f735466cecf":"f.F84CE995D6BBA459211DC9CE458AF1EA.d.8ECF8C125A051C722BA02AB65A9F1343.e.43"}} | headers=HTTPHeaderDict({'Content-Length': '126', 'Content-Type': 'application/json; charset=utf-8', 'cache-control': 'no-cache'})
2024-12-18 20:35:44,213 - selenium.webdriver.remote.remote_connection - DEBUG - Finished Request
2024-12-18 20:35:44,213 - selenium.webdriver.remote.remote_connection - DEBUG - GET http://localhost:64555/session/538627195551d0e055a5fa57288edde3/element/f.F84CE995D6BBA459211DC9CE458AF1EA.d.8ECF8C125A051C722BA02AB65A9F1343.e.43/rect {}
2024-12-18 20:35:44,221 - urllib3.connectionpool - DEBUG - http://localhost:64555 "GET /session/538627195551d0e055a5fa57288edde3/element/f.F84CE995D6BBA459211DC9CE458AF1EA.d.8ECF8C125A051C722BA02AB65A9F1343.e.43/rect HTTP/11" 200 0
2024-12-18 20:35:44,221 - selenium.webdriver.remote.remote_connection - DEBUG - Remote response: status=200 | data={"value":{"height":192,"width":231,"x":530,"y":1841}} | headers=HTTPHeaderDict({'Content-Length': '53', 'Content-Type': 'application/json; charset=utf-8', 'cache-control': 'no-cache'})
2024-12-18 20:35:44,222 - selenium.webdriver.remote.remote_connection - DEBUG - Finished Request
2024-12-18 20:35:44,222 - selenium.webdriver.remote.remote_connection - DEBUG - POST http://localhost:64555/session/538627195551d0e055a5fa57288edde3/element {'using': 'xpath', 'value': 'html/body/div[1]/div/div/div/div[2]/div[1]/div[2]/div[1]/div/div/div[1]/div/div[4]/div[2]/div [4]/a/...'}
2024-12-18 20:35:44,233 - urllib3.connectionpool - DEBUG - http://localhost:64555 "POST /session/538627195551d0e055a5fa57288edde3/element HTTP/11" 200 0
2024-12-18 20:35:44,234 - selenium.webdriver.remote.remote_connection - DEBUG - Remote response: status=200 | data={"value":{"element-6066-11e4-a52e-4f735466cecf":"f.F84CE995D6BBA459211DC9CE458AF1EA.d.8ECF8C125A051C722BA02AB65A9F1343.e.44"}} | headers=HTTPHeaderDict({'Content-Length': '126', 'Content-Type': 'application/json; charset=utf-8', 'cache-control': 'no-cache'})
2024-12-18 20:35:44,234 - selenium.webdriver.remote.remote_connection - DEBUG - Finished Request
2024-12-18 20:35:44,234 - selenium.webdriver.remote.remote_connection - DEBUG - GET http://localhost:64555/session/538627195551d0e055a5fa57288edde3/element/f.F84CE995D6BBA459211DC9CE458AF1EA.d.8ECF8C125A051C722BA02AB65A9F1343.e.44/rect {}
2024-12-18 20:35:44,251 - urllib3.connectionpool - DEBUG - http://localhost:64555 "GET /session/538627195551d0e055a5fa57288edde3/element/f.F84CE995D6BBA459211DC9CE458AF1EA.d.8ECF8C125A051C722BA02AB65A9F1343.e.44/rect HTTP/11" 200 0
2024-12-18 20:35:44,251 - selenium.webdriver.remote.remote_connection - DEBUG - Remote response: status=200 | data={"value":{"height":192,"width":231,"x":786.5,"y":1841}} | headers=HTTPHeaderDict({'Content-Length': '55', 'Content-Type': 'application/json; charset=utf-8', 'cache-control': 'no-cache'})
2024-12-18 20:35:44,252 - selenium.webdriver.remote.remote_connection - DEBUG - Finished Request
2024-12-18 20:35:44,252 - root - INFO - TEST IS END AND VERY WELL
2024-12-18 20:35:44,258 - selenium.webdriver.remote.remote_connection - DEBUG - DELETE http://localhost:64555/session/538627195551d0e055a5fa57288edde3 {}
2024-12-18 20:35:44,321 - urllib3.connectionpool - DEBUG - http://localhost:64555 "DELETE /session/538627195551d0e055a5fa57288edde3 HTTP/11" 200 0
2024-12-18 20:35:44,322 - selenium.webdriver.remote.remote_connection - DEBUG - Remote response: status=200 | data={"value":null} | headers=HTTPHeaderDict({'Content-Length': '14', 'Content-Type': 'application/json; charset=utf-8', 'cache-control': 'no-cache'})
2024-12-18 20:35:44,322 - selenium.webdriver.remote.remote_connection - DEBUG - Finished Request
